mode: set
github.com/Andrea-Cavallo/cadenza/cmd/cadenza/cli.go:56.31,60.2 3 1
github.com/Andrea-Cavallo/cadenza/cmd/cadenza/cli.go:62.43,66.16 4 1
github.com/Andrea-Cavallo/cadenza/cmd/cadenza/cli.go:66.16,68.3 1 1
github.com/Andrea-Cavallo/cadenza/cmd/cadenza/cli.go:69.2,69.13 1 1
github.com/Andrea-Cavallo/cadenza/cmd/cadenza/cli.go:73.35,74.9 1 1
github.com/Andrea-Cavallo/cadenza/cmd/cadenza/cli.go:75.17,76.31 1 1
github.com/Andrea-Cavallo/cadenza/cmd/cadenza/cli.go:77.17,78.33 1 1
github.com/Andrea-Cavallo/cadenza/cmd/cadenza/cli.go:79.17,80.38 1 1
github.com/Andrea-Cavallo/cadenza/cmd/cadenza/cli.go:81.17,82.46 1 1
github.com/Andrea-Cavallo/cadenza/cmd/cadenza/cli.go:83.17,84.28 1 1
github.com/Andrea-Cavallo/cadenza/cmd/cadenza/cli.go:85.10,86.36 1 1
github.com/Andrea-Cavallo/cadenza/cmd/cadenza/cli.go:91.36,92.14 1 1
github.com/Andrea-Cavallo/cadenza/cmd/cadenza/cli.go:93.15,94.48 1 1
github.com/Andrea-Cavallo/cadenza/cmd/cadenza/cli.go:95.15,96.56 1 1
github.com/Andrea-Cavallo/cadenza/cmd/cadenza/cli.go:97.16,98.56 1 1
github.com/Andrea-Cavallo/cadenza/cmd/cadenza/cli.go:99.18,100.51 1 1
github.com/Andrea-Cavallo/cadenza/cmd/cadenza/cli.go:101.20,102.54 1 1
github.com/Andrea-Cavallo/cadenza/cmd/cadenza/cli.go:103.16,104.49 1 1
github.com/Andrea-Cavallo/cadenza/cmd/cadenza/cli.go:105.10,106.14 1 1
github.com/Andrea-Cavallo/cadenza/cmd/cadenza/cli.go:111.37,112.14 1 1
github.com/Andrea-Cavallo/cadenza/cmd/cadenza/cli.go:113.15,114.70 1 1
github.com/Andrea-Cavallo/cadenza/cmd/cadenza/cli.go:115.15,116.70 1 0
github.com/Andrea-Cavallo/cadenza/cmd/cadenza/cli.go:117.16,118.69 1 1
github.com/Andrea-Cavallo/cadenza/cmd/cadenza/cli.go:119.18,120.70 1 0
github.com/Andrea-Cavallo/cadenza/cmd/cadenza/cli.go:121.20,122.73 1 0
github.com/Andrea-Cavallo/cadenza/cmd/cadenza/cli.go:123.16,124.73 1 0
github.com/Andrea-Cavallo/cadenza/cmd/cadenza/cli.go:125.10,126.34 1 0
github.com/Andrea-Cavallo/cadenza/cmd/cadenza/cli.go:176.57,177.33 1 1
github.com/Andrea-Cavallo/cadenza/cmd/cadenza/cli.go:177.33,178.21 1 1
github.com/Andrea-Cavallo/cadenza/cmd/cadenza/cli.go:178.21,184.4 5 1
github.com/Andrea-Cavallo/cadenza/cmd/cadenza/cli.go:186.2,186.14 1 1
github.com/Andrea-Cavallo/cadenza/cmd/cadenza/cli.go:191.45,193.33 2 1
github.com/Andrea-Cavallo/cadenza/cmd/cadenza/cli.go:193.33,198.3 1 1
github.com/Andrea-Cavallo/cadenza/cmd/cadenza/cli.go:199.2,201.6 2 1
github.com/Andrea-Cavallo/cadenza/cmd/cadenza/cli.go:201.6,203.44 2 1
github.com/Andrea-Cavallo/cadenza/cmd/cadenza/cli.go:203.44,206.4 2 1
github.com/Andrea-Cavallo/cadenza/cmd/cadenza/cli.go:207.3,208.51 2 1
github.com/Andrea-Cavallo/cadenza/cmd/cadenza/cli.go:208.51,210.12 2 0
github.com/Andrea-Cavallo/cadenza/cmd/cadenza/cli.go:212.3,218.14 5 1
github.com/Andrea-Cavallo/cadenza/cmd/cadenza/cli.go:223.51,224.14 1 1
github.com/Andrea-Cavallo/cadenza/cmd/cadenza/cli.go:225.15,226.123 1 1
github.com/Andrea-Cavallo/cadenza/cmd/cadenza/cli.go:227.15,228.80 1 1
github.com/Andrea-Cavallo/cadenza/cmd/cadenza/cli.go:229.16,230.108 1 1
github.com/Andrea-Cavallo/cadenza/cmd/cadenza/cli.go:231.18,232.116 1 1
github.com/Andrea-Cavallo/cadenza/cmd/cadenza/cli.go:233.20,234.107 1 1
github.com/Andrea-Cavallo/cadenza/cmd/cadenza/cli.go:235.16,236.86 1 1
github.com/Andrea-Cavallo/cadenza/cmd/cadenza/cli.go:237.10,238.27 1 1
github.com/Andrea-Cavallo/cadenza/cmd/cadenza/cli.go:260.35,262.34 2 1
github.com/Andrea-Cavallo/cadenza/cmd/cadenza/cli.go:262.34,267.3 1 1
github.com/Andrea-Cavallo/cadenza/cmd/cadenza/cli.go:268.2,270.6 2 1
github.com/Andrea-Cavallo/cadenza/cmd/cadenza/cli.go:270.6,272.16 2 1
github.com/Andrea-Cavallo/cadenza/cmd/cadenza/cli.go:272.16,275.4 2 1
github.com/Andrea-Cavallo/cadenza/cmd/cadenza/cli.go:276.3,277.35 2 1
github.com/Andrea-Cavallo/cadenza/cmd/cadenza/cli.go:277.35,279.12 2 1
github.com/Andrea-Cavallo/cadenza/cmd/cadenza/cli.go:281.3,282.51 2 1
github.com/Andrea-Cavallo/cadenza/cmd/cadenza/cli.go:282.51,284.4 1 1
github.com/Andrea-Cavallo/cadenza/cmd/cadenza/cli.go:285.3,285.29 1 1
github.com/Andrea-Cavallo/cadenza/cmd/cadenza/cli.go:285.29,287.4 1 1
github.com/Andrea-Cavallo/cadenza/cmd/cadenza/cli.go:288.3,291.9 2 1
github.com/Andrea-Cavallo/cadenza/cmd/cadenza/cli.go:295.53,297.16 2 1
github.com/Andrea-Cavallo/cadenza/cmd/cadenza/cli.go:297.16,299.3 1 1
github.com/Andrea-Cavallo/cadenza/cmd/cadenza/cli.go:300.2,300.34 1 1
github.com/Andrea-Cavallo/cadenza/cmd/cadenza/cli.go:303.20,305.45 2 1
github.com/Andrea-Cavallo/cadenza/cmd/cadenza/cli.go:305.45,307.3 1 1
github.com/Andrea-Cavallo/cadenza/cmd/cadenza/cli.go:308.2,308.31 1 1
github.com/Andrea-Cavallo/cadenza/cmd/cadenza/cli.go:308.31,310.17 2 1
github.com/Andrea-Cavallo/cadenza/cmd/cadenza/cli.go:310.17,313.4 2 1
github.com/Andrea-Cavallo/cadenza/cmd/cadenza/cli.go:315.2,315.15 1 0
github.com/Andrea-Cavallo/cadenza/cmd/cadenza/cli.go:318.32,321.2 2 1
github.com/Andrea-Cavallo/cadenza/cmd/cadenza/cli.go:323.29,324.6 1 1
github.com/Andrea-Cavallo/cadenza/cmd/cadenza/cli.go:324.6,326.14 2 1
github.com/Andrea-Cavallo/cadenza/cmd/cadenza/cli.go:327.22,329.16 2 1
github.com/Andrea-Cavallo/cadenza/cmd/cadenza/cli.go:330.19,332.15 2 1
github.com/Andrea-Cavallo/cadenza/cmd/cadenza/cli.go:333.11,334.55 1 1
github.com/Andrea-Cavallo/cadenza/cmd/cadenza/cli.go:339.46,344.2 4 1
github.com/Andrea-Cavallo/cadenza/cmd/cadenza/cli.go:348.38,356.6 5 1
github.com/Andrea-Cavallo/cadenza/cmd/cadenza/cli.go:356.6,358.17 2 1
github.com/Andrea-Cavallo/cadenza/cmd/cadenza/cli.go:359.12,361.15 2 0
github.com/Andrea-Cavallo/cadenza/cmd/cadenza/cli.go:362.12,364.15 2 1
github.com/Andrea-Cavallo/cadenza/cmd/cadenza/cli.go:365.17,367.16 2 1
github.com/Andrea-Cavallo/cadenza/cmd/cadenza/cli.go:368.11,369.65 1 0
github.com/Andrea-Cavallo/cadenza/cmd/cadenza/cli.go:376.43,388.6 7 1
github.com/Andrea-Cavallo/cadenza/cmd/cadenza/cli.go:388.6,390.17 2 1
github.com/Andrea-Cavallo/cadenza/cmd/cadenza/cli.go:391.16,393.33 2 1
github.com/Andrea-Cavallo/cadenza/cmd/cadenza/cli.go:394.12,396.28 2 1
github.com/Andrea-Cavallo/cadenza/cmd/cadenza/cli.go:397.12,399.24 2 1
github.com/Andrea-Cavallo/cadenza/cmd/cadenza/cli.go:400.12,402.38 2 0
github.com/Andrea-Cavallo/cadenza/cmd/cadenza/cli.go:403.11,405.12 2 0
github.com/Andrea-Cavallo/cadenza/cmd/cadenza/cli.go:407.3,407.8 1 1
github.com/Andrea-Cavallo/cadenza/cmd/cadenza/cli.go:409.2,411.41 2 1
github.com/Andrea-Cavallo/cadenza/cmd/cadenza/cli.go:411.41,413.19 2 1
github.com/Andrea-Cavallo/cadenza/cmd/cadenza/cli.go:413.19,416.8 3 1
github.com/Andrea-Cavallo/cadenza/cmd/cadenza/cli.go:416.8,418.16 2 1
github.com/Andrea-Cavallo/cadenza/cmd/cadenza/cli.go:419.21,422.17 3 1
github.com/Andrea-Cavallo/cadenza/cmd/cadenza/cli.go:423.24,425.18 2 0
github.com/Andrea-Cavallo/cadenza/cmd/cadenza/cli.go:426.13,427.57 1 0
github.com/Andrea-Cavallo/cadenza/cmd/cadenza/cli.go:431.3,434.16 4 1
github.com/Andrea-Cavallo/cadenza/cmd/cadenza/cli.go:435.8,438.3 2 1
github.com/Andrea-Cavallo/cadenza/cmd/cadenza/cli.go:439.2,439.13 1 1
github.com/Andrea-Cavallo/cadenza/cmd/cadenza/cli.go:442.34,449.29 2 1
github.com/Andrea-Cavallo/cadenza/cmd/cadenza/cli.go:449.29,451.3 1 1
github.com/Andrea-Cavallo/cadenza/cmd/cadenza/cli.go:452.2,452.15 1 1
github.com/Andrea-Cavallo/cadenza/cmd/cadenza/cli.go:455.60,456.29 1 1
github.com/Andrea-Cavallo/cadenza/cmd/cadenza/cli.go:456.29,458.3 1 1
github.com/Andrea-Cavallo/cadenza/cmd/cadenza/cli.go:459.2,459.102 1 1
github.com/Andrea-Cavallo/cadenza/cmd/cadenza/cli.go:462.46,464.2 1 1
github.com/Andrea-Cavallo/cadenza/cmd/cadenza/cli.go:466.45,467.18 1 1
github.com/Andrea-Cavallo/cadenza/cmd/cadenza/cli.go:468.16,469.29 1 1
github.com/Andrea-Cavallo/cadenza/cmd/cadenza/cli.go:470.16,471.26 1 1
github.com/Andrea-Cavallo/cadenza/cmd/cadenza/cli.go:472.16,473.26 1 1
github.com/Andrea-Cavallo/cadenza/cmd/cadenza/cli.go:474.10,475.12 1 1
github.com/Andrea-Cavallo/cadenza/cmd/cadenza/cli.go:479.45,481.2 1 1
github.com/Andrea-Cavallo/cadenza/cmd/cadenza/cli.go:483.48,484.18 1 1
github.com/Andrea-Cavallo/cadenza/cmd/cadenza/cli.go:485.16,486.114 1 1
github.com/Andrea-Cavallo/cadenza/cmd/cadenza/cli.go:487.16,488.100 1 1
github.com/Andrea-Cavallo/cadenza/cmd/cadenza/cli.go:489.16,490.94 1 1
github.com/Andrea-Cavallo/cadenza/cmd/cadenza/cli.go:491.10,492.12 1 1
github.com/Andrea-Cavallo/cadenza/cmd/cadenza/cli.go:497.34,507.27 3 1
github.com/Andrea-Cavallo/cadenza/cmd/cadenza/cli.go:507.27,509.3 1 1
github.com/Andrea-Cavallo/cadenza/cmd/cadenza/cli.go:510.2,512.6 2 1
github.com/Andrea-Cavallo/cadenza/cmd/cadenza/cli.go:512.6,515.42 3 1
github.com/Andrea-Cavallo/cadenza/cmd/cadenza/cli.go:515.42,517.12 2 1
github.com/Andrea-Cavallo/cadenza/cmd/cadenza/cli.go:519.3,521.8 3 1
github.com/Andrea-Cavallo/cadenza/cmd/cadenza/cli.go:526.32,535.6 8 1
github.com/Andrea-Cavallo/cadenza/cmd/cadenza/cli.go:535.6,538.17 3 1
github.com/Andrea-Cavallo/cadenza/cmd/cadenza/cli.go:538.17,540.12 2 1
github.com/Andrea-Cavallo/cadenza/cmd/cadenza/cli.go:542.3,550.8 7 1
github.com/Andrea-Cavallo/cadenza/cmd/cadenza/cli.go:555.34,560.16 4 1
github.com/Andrea-Cavallo/cadenza/cmd/cadenza/cli.go:560.16,562.3 1 0
github.com/Andrea-Cavallo/cadenza/cmd/cadenza/cli.go:564.2,579.50 8 1
github.com/Andrea-Cavallo/cadenza/cmd/cadenza/cli.go:579.50,581.3 1 1
github.com/Andrea-Cavallo/cadenza/cmd/cadenza/cli.go:582.2,582.28 1 1
github.com/Andrea-Cavallo/cadenza/cmd/cadenza/cli.go:582.28,584.3 1 1
github.com/Andrea-Cavallo/cadenza/cmd/cadenza/cli.go:585.2,588.15 4 1
github.com/Andrea-Cavallo/cadenza/cmd/cadenza/cli.go:591.32,593.2 1 1
github.com/Andrea-Cavallo/cadenza/cmd/cadenza/cli.go:595.42,596.48 1 1
github.com/Andrea-Cavallo/cadenza/cmd/cadenza/cli.go:596.48,598.3 1 0
github.com/Andrea-Cavallo/cadenza/cmd/cadenza/cli.go:599.2,600.65 2 1
github.com/Andrea-Cavallo/cadenza/cmd/cadenza/cli.go:600.65,602.3 1 0
github.com/Andrea-Cavallo/cadenza/cmd/cadenza/cli.go:603.2,604.12 2 1
github.com/Andrea-Cavallo/cadenza/cmd/cadenza/cli.go:607.38,609.6 2 1
github.com/Andrea-Cavallo/cadenza/cmd/cadenza/cli.go:609.6,611.58 2 1
github.com/Andrea-Cavallo/cadenza/cmd/cadenza/cli.go:611.58,613.12 2 0
github.com/Andrea-Cavallo/cadenza/cmd/cadenza/cli.go:615.3,616.9 2 1
github.com/Andrea-Cavallo/cadenza/cmd/cadenza/cli.go:620.64,621.6 1 1
github.com/Andrea-Cavallo/cadenza/cmd/cadenza/cli.go:621.6,623.14 2 1
github.com/Andrea-Cavallo/cadenza/cmd/cadenza/cli.go:624.23,626.20 2 1
github.com/Andrea-Cavallo/cadenza/cmd/cadenza/cli.go:627.18,629.21 2 1
github.com/Andrea-Cavallo/cadenza/cmd/cadenza/cli.go:630.11,631.55 1 1
github.com/Andrea-Cavallo/cadenza/cmd/cadenza/cli.go:639.44,647.23 3 1
github.com/Andrea-Cavallo/cadenza/cmd/cadenza/cli.go:647.23,649.58 2 1
github.com/Andrea-Cavallo/cadenza/cmd/cadenza/cli.go:649.58,652.4 2 0
github.com/Andrea-Cavallo/cadenza/cmd/cadenza/cli.go:653.3,654.39 2 1
github.com/Andrea-Cavallo/cadenza/cmd/cadenza/cli.go:658.2,658.29 1 1
github.com/Andrea-Cavallo/cadenza/cmd/cadenza/cli.go:658.29,662.3 3 1
github.com/Andrea-Cavallo/cadenza/cmd/cadenza/cli.go:664.2,664.23 1 1
github.com/Andrea-Cavallo/cadenza/cmd/cadenza/cli.go:664.23,666.3 1 0
github.com/Andrea-Cavallo/cadenza/cmd/cadenza/cli.go:667.2,669.16 2 1
github.com/Andrea-Cavallo/cadenza/cmd/cadenza/cli.go:669.16,670.29 1 0
github.com/Andrea-Cavallo/cadenza/cmd/cadenza/cli.go:670.29,672.4 1 0
github.com/Andrea-Cavallo/cadenza/cmd/cadenza/cli.go:675.2,681.38 6 1
github.com/Andrea-Cavallo/cadenza/cmd/cadenza/dev.go:23.19,37.6 9 1
github.com/Andrea-Cavallo/cadenza/cmd/cadenza/dev.go:37.6,40.17 3 1
github.com/Andrea-Cavallo/cadenza/cmd/cadenza/dev.go:40.17,42.9 2 0
github.com/Andrea-Cavallo/cadenza/cmd/cadenza/dev.go:45.3,46.17 2 1
github.com/Andrea-Cavallo/cadenza/cmd/cadenza/dev.go:46.17,47.12 1 0
github.com/Andrea-Cavallo/cadenza/cmd/cadenza/dev.go:50.3,53.14 3 1
github.com/Andrea-Cavallo/cadenza/cmd/cadenza/dev.go:54.20,55.18 1 1
github.com/Andrea-Cavallo/cadenza/cmd/cadenza/dev.go:57.28,59.10 2 1
github.com/Andrea-Cavallo/cadenza/cmd/cadenza/dev.go:61.26,62.70 1 1
github.com/Andrea-Cavallo/cadenza/cmd/cadenza/dev.go:64.17,65.30 1 0
github.com/Andrea-Cavallo/cadenza/cmd/cadenza/dev.go:67.26,68.38 1 0
github.com/Andrea-Cavallo/cadenza/cmd/cadenza/dev.go:70.23,71.31 1 0
github.com/Andrea-Cavallo/cadenza/cmd/cadenza/dev.go:73.44,74.47 1 0
github.com/Andrea-Cavallo/cadenza/cmd/cadenza/dev.go:76.30,77.31 1 0
github.com/Andrea-Cavallo/cadenza/cmd/cadenza/dev.go:79.28,80.33 1 0
github.com/Andrea-Cavallo/cadenza/cmd/cadenza/dev.go:82.28,83.32 1 0
github.com/Andrea-Cavallo/cadenza/cmd/cadenza/dev.go:85.11,87.85 2 1
github.com/Andrea-Cavallo/cadenza/cmd/cadenza/dev.go:92.21,115.2 22 1
github.com/Andrea-Cavallo/cadenza/cmd/cadenza/dev.go:117.50,119.33 2 1
github.com/Andrea-Cavallo/cadenza/cmd/cadenza/dev.go:119.33,120.18 1 1
github.com/Andrea-Cavallo/cadenza/cmd/cadenza/dev.go:121.16,123.10 2 1
github.com/Andrea-Cavallo/cadenza/cmd/cadenza/dev.go:123.10,125.5 1 1
github.com/Andrea-Cavallo/cadenza/cmd/cadenza/dev.go:126.16,127.44 1 1
github.com/Andrea-Cavallo/cadenza/cmd/cadenza/dev.go:127.44,129.5 1 1
github.com/Andrea-Cavallo/cadenza/cmd/cadenza/dev.go:130.19,131.20 1 1
github.com/Andrea-Cavallo/cadenza/cmd/cadenza/dev.go:132.21,133.44 1 1
github.com/Andrea-Cavallo/cadenza/cmd/cadenza/dev.go:133.44,135.5 1 1
github.com/Andrea-Cavallo/cadenza/cmd/cadenza/dev.go:136.17,138.10 2 1
github.com/Andrea-Cavallo/cadenza/cmd/cadenza/dev.go:138.10,140.5 1 1
github.com/Andrea-Cavallo/cadenza/cmd/cadenza/dev.go:143.2,143.12 1 1
github.com/Andrea-Cavallo/cadenza/cmd/cadenza/dev.go:146.56,147.25 1 1
github.com/Andrea-Cavallo/cadenza/cmd/cadenza/dev.go:147.25,149.3 1 1
github.com/Andrea-Cavallo/cadenza/cmd/cadenza/dev.go:150.2,151.25 2 1
github.com/Andrea-Cavallo/cadenza/cmd/cadenza/dev.go:154.50,155.62 1 1
github.com/Andrea-Cavallo/cadenza/cmd/cadenza/dev.go:155.62,157.3 1 1
github.com/Andrea-Cavallo/cadenza/cmd/cadenza/dev.go:160.41,162.16 2 1
github.com/Andrea-Cavallo/cadenza/cmd/cadenza/dev.go:162.16,164.3 1 1
github.com/Andrea-Cavallo/cadenza/cmd/cadenza/dev.go:165.2,165.16 1 1
github.com/Andrea-Cavallo/cadenza/cmd/cadenza/dev.go:168.132,172.35 2 1
github.com/Andrea-Cavallo/cadenza/cmd/cadenza/dev.go:172.35,175.3 2 1
github.com/Andrea-Cavallo/cadenza/cmd/cadenza/dev.go:176.2,176.52 1 1
github.com/Andrea-Cavallo/cadenza/cmd/cadenza/dev.go:176.52,179.3 2 1
github.com/Andrea-Cavallo/cadenza/cmd/cadenza/dev.go:181.2,184.16 3 1
github.com/Andrea-Cavallo/cadenza/cmd/cadenza/dev.go:184.16,187.3 2 0
github.com/Andrea-Cavallo/cadenza/cmd/cadenza/dev.go:189.2,191.21 3 1
github.com/Andrea-Cavallo/cadenza/cmd/cadenza/dev.go:191.21,193.3 1 0
github.com/Andrea-Cavallo/cadenza/cmd/cadenza/dev.go:195.2,216.16 11 1
github.com/Andrea-Cavallo/cadenza/cmd/cadenza/dev.go:216.16,219.3 2 0
github.com/Andrea-Cavallo/cadenza/cmd/cadenza/dev.go:221.2,223.33 3 1
github.com/Andrea-Cavallo/cadenza/cmd/cadenza/dev.go:223.33,225.3 1 1
github.com/Andrea-Cavallo/cadenza/cmd/cadenza/dev.go:226.2,229.39 2 1
github.com/Andrea-Cavallo/cadenza/cmd/cadenza/dev.go:232.54,235.2 2 1
github.com/Andrea-Cavallo/cadenza/cmd/cadenza/dev.go:237.63,239.33 2 1
github.com/Andrea-Cavallo/cadenza/cmd/cadenza/dev.go:239.33,240.45 1 1
github.com/Andrea-Cavallo/cadenza/cmd/cadenza/dev.go:240.45,242.9 2 1
github.com/Andrea-Cavallo/cadenza/cmd/cadenza/dev.go:246.2,246.20 1 1
github.com/Andrea-Cavallo/cadenza/cmd/cadenza/dev.go:246.20,249.3 2 1
github.com/Andrea-Cavallo/cadenza/cmd/cadenza/dev.go:251.2,252.16 2 1
github.com/Andrea-Cavallo/cadenza/cmd/cadenza/dev.go:252.16,255.3 2 1
github.com/Andrea-Cavallo/cadenza/cmd/cadenza/dev.go:257.2,258.57 2 1
github.com/Andrea-Cavallo/cadenza/cmd/cadenza/dev.go:258.57,261.3 2 0
github.com/Andrea-Cavallo/cadenza/cmd/cadenza/dev.go:261.8,263.3 1 1
github.com/Andrea-Cavallo/cadenza/cmd/cadenza/dev.go:266.55,269.2 2 1
github.com/Andrea-Cavallo/cadenza/cmd/cadenza/dev.go:271.75,273.33 2 1
github.com/Andrea-Cavallo/cadenza/cmd/cadenza/dev.go:273.33,274.18 1 1
github.com/Andrea-Cavallo/cadenza/cmd/cadenza/dev.go:275.16,276.44 1 1
github.com/Andrea-Cavallo/cadenza/cmd/cadenza/dev.go:276.44,278.5 1 1
github.com/Andrea-Cavallo/cadenza/cmd/cadenza/dev.go:279.17,280.44 1 1
github.com/Andrea-Cavallo/cadenza/cmd/cadenza/dev.go:280.44,282.5 1 1
github.com/Andrea-Cavallo/cadenza/cmd/cadenza/dev.go:283.19,284.44 1 1
github.com/Andrea-Cavallo/cadenza/cmd/cadenza/dev.go:284.44,286.5 1 1
github.com/Andrea-Cavallo/cadenza/cmd/cadenza/dev.go:289.2,289.8 1 1
github.com/Andrea-Cavallo/cadenza/cmd/cadenza/dev.go:292.65,296.16 3 1
github.com/Andrea-Cavallo/cadenza/cmd/cadenza/dev.go:296.16,299.3 2 1
github.com/Andrea-Cavallo/cadenza/cmd/cadenza/dev.go:301.2,302.18 2 1
github.com/Andrea-Cavallo/cadenza/cmd/cadenza/dev.go:302.18,304.17 2 1
github.com/Andrea-Cavallo/cadenza/cmd/cadenza/dev.go:304.17,307.4 2 0
github.com/Andrea-Cavallo/cadenza/cmd/cadenza/dev.go:308.8,310.3 1 1
github.com/Andrea-Cavallo/cadenza/cmd/cadenza/dev.go:312.2,314.32 3 1
github.com/Andrea-Cavallo/cadenza/cmd/cadenza/dev.go:314.32,321.3 2 1
github.com/Andrea-Cavallo/cadenza/cmd/cadenza/dev.go:322.2,324.13 2 1
github.com/Andrea-Cavallo/cadenza/cmd/cadenza/dev.go:327.47,328.26 1 1
github.com/Andrea-Cavallo/cadenza/cmd/cadenza/dev.go:328.26,331.3 2 1
github.com/Andrea-Cavallo/cadenza/cmd/cadenza/dev.go:333.2,336.15 4 1
github.com/Andrea-Cavallo/cadenza/cmd/cadenza/dev.go:336.15,338.3 1 1
github.com/Andrea-Cavallo/cadenza/cmd/cadenza/dev.go:340.2,345.76 6 1
github.com/Andrea-Cavallo/cadenza/cmd/cadenza/dev.go:348.57,351.2 2 1
github.com/Andrea-Cavallo/cadenza/cmd/cadenza/dev.go:353.56,356.2 2 1
github.com/Andrea-Cavallo/cadenza/cmd/cadenza/logger.go:14.62,15.54 1 1
github.com/Andrea-Cavallo/cadenza/cmd/cadenza/logger.go:15.54,18.3 2 0
github.com/Andrea-Cavallo/cadenza/cmd/cadenza/logger.go:19.2,20.19 2 1
github.com/Andrea-Cavallo/cadenza/cmd/cadenza/logger.go:20.19,22.3 1 1
github.com/Andrea-Cavallo/cadenza/cmd/cadenza/logger.go:23.2,25.16 3 1
github.com/Andrea-Cavallo/cadenza/cmd/cadenza/logger.go:25.16,28.3 2 0
github.com/Andrea-Cavallo/cadenza/cmd/cadenza/logger.go:30.2,35.71 5 1
github.com/Andrea-Cavallo/cadenza/cmd/cadenza/logger.go:35.71,37.3 1 0
github.com/Andrea-Cavallo/cadenza/cmd/cadenza/logger.go:37.8,39.3 1 1
github.com/Andrea-Cavallo/cadenza/cmd/cadenza/logger.go:41.2,42.107 2 1
github.com/Andrea-Cavallo/cadenza/cmd/cadenza/logger.go:45.42,46.28 1 1
github.com/Andrea-Cavallo/cadenza/cmd/cadenza/logger.go:47.15,48.25 1 1
github.com/Andrea-Cavallo/cadenza/cmd/cadenza/logger.go:49.25,50.24 1 1
github.com/Andrea-Cavallo/cadenza/cmd/cadenza/logger.go:51.15,52.25 1 1
github.com/Andrea-Cavallo/cadenza/cmd/cadenza/logger.go:53.10,54.24 1 0
github.com/Andrea-Cavallo/cadenza/cmd/cadenza/main.go:35.13,38.19 2 0
github.com/Andrea-Cavallo/cadenza/cmd/cadenza/main.go:38.19,52.3 13 0
github.com/Andrea-Cavallo/cadenza/cmd/cadenza/main.go:55.2,81.18 23 0
github.com/Andrea-Cavallo/cadenza/cmd/cadenza/main.go:81.18,84.3 2 0
github.com/Andrea-Cavallo/cadenza/cmd/cadenza/main.go:86.2,86.14 1 0
github.com/Andrea-Cavallo/cadenza/cmd/cadenza/main.go:86.14,90.3 3 0
github.com/Andrea-Cavallo/cadenza/cmd/cadenza/main.go:92.2,105.133 3 0
github.com/Andrea-Cavallo/cadenza/cmd/cadenza/main.go:105.133,108.3 2 0
github.com/Andrea-Cavallo/cadenza/cmd/cadenza/main.go:111.2,111.23 1 0
github.com/Andrea-Cavallo/cadenza/cmd/cadenza/main.go:111.23,113.49 2 0
github.com/Andrea-Cavallo/cadenza/cmd/cadenza/main.go:113.49,116.4 2 0
github.com/Andrea-Cavallo/cadenza/cmd/cadenza/main.go:117.3,117.20 1 0
github.com/Andrea-Cavallo/cadenza/cmd/cadenza/main.go:117.20,119.4 1 0
github.com/Andrea-Cavallo/cadenza/cmd/cadenza/main.go:120.3,120.21 1 0
github.com/Andrea-Cavallo/cadenza/cmd/cadenza/main.go:120.21,122.4 1 0
github.com/Andrea-Cavallo/cadenza/cmd/cadenza/main.go:123.3,126.35 4 0
github.com/Andrea-Cavallo/cadenza/cmd/cadenza/main.go:126.35,127.22 1 0
github.com/Andrea-Cavallo/cadenza/cmd/cadenza/main.go:127.22,129.5 1 0
github.com/Andrea-Cavallo/cadenza/cmd/cadenza/main.go:130.4,130.14 1 0
github.com/Andrea-Cavallo/cadenza/cmd/cadenza/main.go:132.3,134.28 3 0
github.com/Andrea-Cavallo/cadenza/cmd/cadenza/main.go:134.28,136.4 1 0
github.com/Andrea-Cavallo/cadenza/cmd/cadenza/main.go:137.3,138.9 2 0
github.com/Andrea-Cavallo/cadenza/cmd/cadenza/main.go:141.2,142.14 2 0
github.com/Andrea-Cavallo/cadenza/cmd/cadenza/main.go:142.14,143.63 1 0
github.com/Andrea-Cavallo/cadenza/cmd/cadenza/main.go:143.63,149.4 5 0
github.com/Andrea-Cavallo/cadenza/cmd/cadenza/main.go:151.3,152.21 2 0
github.com/Andrea-Cavallo/cadenza/cmd/cadenza/main.go:152.21,154.4 1 0
github.com/Andrea-Cavallo/cadenza/cmd/cadenza/main.go:156.3,176.22 2 0
github.com/Andrea-Cavallo/cadenza/cmd/cadenza/main.go:176.22,178.4 1 0
github.com/Andrea-Cavallo/cadenza/cmd/cadenza/main.go:180.3,180.17 1 0
github.com/Andrea-Cavallo/cadenza/cmd/cadenza/main.go:180.17,183.4 2 0
github.com/Andrea-Cavallo/cadenza/cmd/cadenza/main.go:185.3,185.21 1 0
github.com/Andrea-Cavallo/cadenza/cmd/cadenza/main.go:186.8,189.7 2 0
github.com/Andrea-Cavallo/cadenza/cmd/cadenza/main.go:189.7,191.11 2 0
github.com/Andrea-Cavallo/cadenza/cmd/cadenza/main.go:191.11,192.10 1 0
github.com/Andrea-Cavallo/cadenza/cmd/cadenza/main.go:194.4,195.33 2 0
github.com/Andrea-Cavallo/cadenza/cmd/cadenza/main.go:195.33,196.10 1 0
github.com/Andrea-Cavallo/cadenza/cmd/cadenza/main.go:202.46,203.6 1 1
github.com/Andrea-Cavallo/cadenza/cmd/cadenza/main.go:203.6,216.41 12 1
github.com/Andrea-Cavallo/cadenza/cmd/cadenza/main.go:217.16,219.15 2 0
github.com/Andrea-Cavallo/cadenza/cmd/cadenza/main.go:221.12,224.22 3 1
github.com/Andrea-Cavallo/cadenza/cmd/cadenza/main.go:226.12,230.29 3 1
github.com/Andrea-Cavallo/cadenza/cmd/cadenza/main.go:230.29,232.5 1 1
github.com/Andrea-Cavallo/cadenza/cmd/cadenza/main.go:233.4,234.25 2 1
github.com/Andrea-Cavallo/cadenza/cmd/cadenza/main.go:236.12,250.102 13 1
github.com/Andrea-Cavallo/cadenza/cmd/cadenza/main.go:252.12,258.16 6 1
github.com/Andrea-Cavallo/cadenza/cmd/cadenza/main.go:260.12,266.16 6 1
github.com/Andrea-Cavallo/cadenza/cmd/cadenza/main.go:268.12,274.25 6 1
github.com/Andrea-Cavallo/cadenza/cmd/cadenza/main.go:276.12,282.26 6 1
github.com/Andrea-Cavallo/cadenza/cmd/cadenza/main.go:284.28,286.16 2 1
github.com/Andrea-Cavallo/cadenza/cmd/cadenza/main.go:288.11,289.65 1 1
github.com/Andrea-Cavallo/cadenza/cmd/cadenza/main.go:294.36,295.14 1 1
github.com/Andrea-Cavallo/cadenza/cmd/cadenza/main.go:295.14,297.3 1 1
github.com/Andrea-Cavallo/cadenza/cmd/cadenza/main.go:298.2,298.15 1 1
github.com/Andrea-Cavallo/cadenza/cmd/cadenza/main.go:298.15,300.3 1 1
github.com/Andrea-Cavallo/cadenza/cmd/cadenza/main.go:301.2,301.12 1 1
github.com/Andrea-Cavallo/cadenza/cmd/cadenza/main.go:305.112,306.59 1 1
github.com/Andrea-Cavallo/cadenza/cmd/cadenza/main.go:306.59,308.3 1 1
github.com/Andrea-Cavallo/cadenza/cmd/cadenza/main.go:309.2,309.40 1 1
github.com/Andrea-Cavallo/cadenza/cmd/cadenza/main.go:309.40,311.3 1 1
github.com/Andrea-Cavallo/cadenza/cmd/cadenza/main.go:312.2,313.27 2 1
github.com/Andrea-Cavallo/cadenza/cmd/cadenza/main.go:313.27,315.3 1 1
github.com/Andrea-Cavallo/cadenza/cmd/cadenza/main.go:316.2,316.24 1 1
github.com/Andrea-Cavallo/cadenza/cmd/cadenza/main.go:316.24,318.33 2 1
github.com/Andrea-Cavallo/cadenza/cmd/cadenza/main.go:318.33,320.4 1 1
github.com/Andrea-Cavallo/cadenza/cmd/cadenza/main.go:322.2,322.20 1 1
github.com/Andrea-Cavallo/cadenza/cmd/cadenza/main.go:322.20,323.46 1 1
github.com/Andrea-Cavallo/cadenza/cmd/cadenza/main.go:323.46,325.4 1 0
github.com/Andrea-Cavallo/cadenza/cmd/cadenza/main.go:327.2,327.12 1 1
github.com/Andrea-Cavallo/cadenza/cmd/cadenza/main.go:331.96,332.19 1 1
github.com/Andrea-Cavallo/cadenza/cmd/cadenza/main.go:332.19,334.3 1 1
github.com/Andrea-Cavallo/cadenza/cmd/cadenza/main.go:336.2,337.16 2 1
github.com/Andrea-Cavallo/cadenza/cmd/cadenza/main.go:337.16,339.3 1 0
github.com/Andrea-Cavallo/cadenza/cmd/cadenza/main.go:341.2,342.24 2 1
github.com/Andrea-Cavallo/cadenza/cmd/cadenza/main.go:342.24,344.3 1 1
github.com/Andrea-Cavallo/cadenza/cmd/cadenza/main.go:345.2,345.24 1 1
github.com/Andrea-Cavallo/cadenza/cmd/cadenza/main.go:345.24,347.3 1 0
github.com/Andrea-Cavallo/cadenza/cmd/cadenza/main.go:349.2,350.30 2 1
github.com/Andrea-Cavallo/cadenza/cmd/cadenza/main.go:350.30,352.3 1 1
github.com/Andrea-Cavallo/cadenza/cmd/cadenza/main.go:354.2,360.37 2 1
github.com/Andrea-Cavallo/cadenza/cmd/cadenza/main.go:360.37,363.17 3 1
github.com/Andrea-Cavallo/cadenza/cmd/cadenza/main.go:363.17,365.4 1 0
github.com/Andrea-Cavallo/cadenza/cmd/cadenza/main.go:367.3,368.17 2 1
github.com/Andrea-Cavallo/cadenza/cmd/cadenza/main.go:368.17,370.4 1 0
github.com/Andrea-Cavallo/cadenza/cmd/cadenza/main.go:372.3,380.4 3 1
github.com/Andrea-Cavallo/cadenza/cmd/cadenza/main.go:383.2,383.18 1 1
github.com/Andrea-Cavallo/cadenza/cmd/cadenza/main.go:387.35,389.24 1 1
github.com/Andrea-Cavallo/cadenza/cmd/cadenza/main.go:389.24,392.3 2 0
github.com/Andrea-Cavallo/cadenza/cmd/cadenza/main.go:394.2,394.35 1 1
github.com/Andrea-Cavallo/cadenza/cmd/cadenza/main.go:394.35,397.3 2 1
github.com/Andrea-Cavallo/cadenza/cmd/cadenza/main.go:398.2,398.52 1 1
github.com/Andrea-Cavallo/cadenza/cmd/cadenza/main.go:398.52,401.3 2 1
github.com/Andrea-Cavallo/cadenza/cmd/cadenza/main.go:403.2,407.54 3 1
github.com/Andrea-Cavallo/cadenza/cmd/cadenza/main.go:407.54,408.25 1 1
github.com/Andrea-Cavallo/cadenza/cmd/cadenza/main.go:408.25,410.4 1 0
github.com/Andrea-Cavallo/cadenza/cmd/cadenza/main.go:413.3,414.22 2 1
github.com/Andrea-Cavallo/cadenza/cmd/cadenza/main.go:414.22,416.4 1 0
github.com/Andrea-Cavallo/cadenza/cmd/cadenza/main.go:416.9,418.4 1 1
github.com/Andrea-Cavallo/cadenza/cmd/cadenza/main.go:419.3,421.72 2 1
github.com/Andrea-Cavallo/cadenza/cmd/cadenza/main.go:421.72,423.4 1 0
github.com/Andrea-Cavallo/cadenza/cmd/cadenza/main.go:427.96,438.16 3 1
github.com/Andrea-Cavallo/cadenza/cmd/cadenza/main.go:438.16,440.3 1 0
github.com/Andrea-Cavallo/cadenza/cmd/cadenza/main.go:442.2,453.27 9 1
github.com/Andrea-Cavallo/cadenza/cmd/cadenza/main.go:453.27,455.17 2 1
github.com/Andrea-Cavallo/cadenza/cmd/cadenza/main.go:455.17,457.4 1 0
github.com/Andrea-Cavallo/cadenza/cmd/cadenza/main.go:458.3,458.72 1 1
github.com/Andrea-Cavallo/cadenza/cmd/cadenza/main.go:459.8,461.3 1 1
github.com/Andrea-Cavallo/cadenza/cmd/cadenza/main.go:463.2,479.15 4 1
github.com/Andrea-Cavallo/cadenza/cmd/cadenza/main.go:479.15,484.3 4 1
github.com/Andrea-Cavallo/cadenza/cmd/cadenza/main.go:484.8,488.3 3 1
github.com/Andrea-Cavallo/cadenza/cmd/cadenza/main.go:490.2,491.16 2 1
github.com/Andrea-Cavallo/cadenza/cmd/cadenza/main.go:491.16,494.3 2 0
github.com/Andrea-Cavallo/cadenza/cmd/cadenza/main.go:497.2,497.16 1 1
github.com/Andrea-Cavallo/cadenza/cmd/cadenza/main.go:497.16,504.31 7 1
github.com/Andrea-Cavallo/cadenza/cmd/cadenza/main.go:504.31,506.4 1 0
github.com/Andrea-Cavallo/cadenza/cmd/cadenza/main.go:507.3,507.28 1 1
github.com/Andrea-Cavallo/cadenza/cmd/cadenza/main.go:507.28,509.4 1 0
github.com/Andrea-Cavallo/cadenza/cmd/cadenza/main.go:510.3,515.13 6 1
github.com/Andrea-Cavallo/cadenza/cmd/cadenza/main.go:519.2,519.24 1 1
github.com/Andrea-Cavallo/cadenza/cmd/cadenza/main.go:519.24,522.3 1 0
github.com/Andrea-Cavallo/cadenza/cmd/cadenza/main.go:525.2,526.15 2 1
github.com/Andrea-Cavallo/cadenza/cmd/cadenza/main.go:526.15,529.3 2 1
github.com/Andrea-Cavallo/cadenza/cmd/cadenza/main.go:532.2,533.20 2 1
github.com/Andrea-Cavallo/cadenza/cmd/cadenza/main.go:533.20,537.3 2 1
github.com/Andrea-Cavallo/cadenza/cmd/cadenza/main.go:537.8,539.3 1 1
github.com/Andrea-Cavallo/cadenza/cmd/cadenza/main.go:542.2,544.32 3 1
github.com/Andrea-Cavallo/cadenza/cmd/cadenza/main.go:544.32,548.3 3 1
github.com/Andrea-Cavallo/cadenza/cmd/cadenza/main.go:549.2,552.30 4 1
github.com/Andrea-Cavallo/cadenza/cmd/cadenza/main.go:552.30,554.3 1 0
github.com/Andrea-Cavallo/cadenza/cmd/cadenza/main.go:555.2,555.27 1 1
github.com/Andrea-Cavallo/cadenza/cmd/cadenza/main.go:555.27,557.3 1 1
github.com/Andrea-Cavallo/cadenza/cmd/cadenza/main.go:558.2,568.12 10 1
github.com/Andrea-Cavallo/cadenza/cmd/cadenza/main.go:571.33,575.16 3 1
github.com/Andrea-Cavallo/cadenza/cmd/cadenza/main.go:575.16,578.3 2 1
github.com/Andrea-Cavallo/cadenza/cmd/cadenza/main.go:581.2,582.18 2 1
github.com/Andrea-Cavallo/cadenza/cmd/cadenza/main.go:582.18,584.3 1 1
github.com/Andrea-Cavallo/cadenza/cmd/cadenza/main.go:586.2,588.16 3 1
github.com/Andrea-Cavallo/cadenza/cmd/cadenza/main.go:588.16,591.17 3 0
github.com/Andrea-Cavallo/cadenza/cmd/cadenza/main.go:591.17,594.4 2 0
github.com/Andrea-Cavallo/cadenza/cmd/cadenza/main.go:597.2,599.16 3 1
github.com/Andrea-Cavallo/cadenza/cmd/cadenza/main.go:599.16,602.3 2 0
github.com/Andrea-Cavallo/cadenza/cmd/cadenza/main.go:604.2,609.56 5 1
github.com/Andrea-Cavallo/cadenza/cmd/cadenza/main.go:609.56,612.3 2 0
github.com/Andrea-Cavallo/cadenza/cmd/cadenza/main.go:614.2,619.15 6 1
github.com/Andrea-Cavallo/cadenza/cmd/cadenza/main.go:623.66,625.32 2 1
github.com/Andrea-Cavallo/cadenza/cmd/cadenza/main.go:625.32,627.3 1 1
github.com/Andrea-Cavallo/cadenza/cmd/cadenza/main.go:628.2,628.33 1 1
github.com/Andrea-Cavallo/cadenza/cmd/cadenza/main.go:632.54,638.15 6 1
github.com/Andrea-Cavallo/cadenza/cmd/cadenza/main.go:638.15,640.3 1 1
github.com/Andrea-Cavallo/cadenza/cmd/cadenza/main.go:640.8,642.22 2 1
github.com/Andrea-Cavallo/cadenza/cmd/cadenza/main.go:642.22,644.4 1 1
github.com/Andrea-Cavallo/cadenza/cmd/cadenza/main.go:646.2,646.20 1 1
github.com/Andrea-Cavallo/cadenza/cmd/cadenza/main.go:646.20,648.3 1 1
github.com/Andrea-Cavallo/cadenza/cmd/cadenza/main.go:649.2,649.50 1 1
github.com/Andrea-Cavallo/cadenza/cmd/cadenza/main.go:649.50,651.3 1 1
github.com/Andrea-Cavallo/cadenza/cmd/cadenza/main.go:652.2,652.28 1 1
github.com/Andrea-Cavallo/cadenza/cmd/cadenza/main.go:652.28,654.3 1 1
github.com/Andrea-Cavallo/cadenza/cmd/cadenza/main.go:655.2,655.27 1 1
github.com/Andrea-Cavallo/cadenza/cmd/cadenza/main.go:655.27,657.3 1 1
github.com/Andrea-Cavallo/cadenza/cmd/cadenza/main.go:658.2,658.20 1 1
github.com/Andrea-Cavallo/cadenza/cmd/cadenza/main.go:661.67,662.27 1 1
github.com/Andrea-Cavallo/cadenza/cmd/cadenza/main.go:662.27,664.3 1 0
github.com/Andrea-Cavallo/cadenza/cmd/cadenza/main.go:665.2,666.32 2 1
github.com/Andrea-Cavallo/cadenza/cmd/cadenza/main.go:666.32,668.3 1 1
github.com/Andrea-Cavallo/cadenza/cmd/cadenza/main.go:669.2,669.37 1 1
github.com/Andrea-Cavallo/cadenza/cmd/cadenza/main.go:672.41,673.9 1 1
github.com/Andrea-Cavallo/cadenza/cmd/cadenza/main.go:674.46,675.22 1 1
github.com/Andrea-Cavallo/cadenza/cmd/cadenza/main.go:676.46,677.22 1 1
github.com/Andrea-Cavallo/cadenza/cmd/cadenza/main.go:678.44,679.20 1 1
github.com/Andrea-Cavallo/cadenza/cmd/cadenza/main.go:680.10,681.19 1 1
github.com/Andrea-Cavallo/cadenza/cmd/cadenza/provider.go:11.93,12.11 1 1
github.com/Andrea-Cavallo/cadenza/cmd/cadenza/provider.go:12.11,15.3 2 1
github.com/Andrea-Cavallo/cadenza/cmd/cadenza/provider.go:16.2,16.22 1 1
github.com/Andrea-Cavallo/cadenza/cmd/cadenza/provider.go:17.16,18.38 1 0
github.com/Andrea-Cavallo/cadenza/cmd/cadenza/provider.go:19.16,20.22 1 1
github.com/Andrea-Cavallo/cadenza/cmd/cadenza/provider.go:20.22,22.4 1 1
github.com/Andrea-Cavallo/cadenza/cmd/cadenza/provider.go:23.3,23.54 1 1
github.com/Andrea-Cavallo/cadenza/cmd/cadenza/provider.go:24.16,25.38 1 1
github.com/Andrea-Cavallo/cadenza/cmd/cadenza/provider.go:26.16,27.38 1 1
github.com/Andrea-Cavallo/cadenza/cmd/cadenza/provider.go:28.10,29.106 1 0
github.com/Andrea-Cavallo/cadenza/cmd/cadenza/provider.go:33.76,34.18 1 1
github.com/Andrea-Cavallo/cadenza/cmd/cadenza/provider.go:35.16,36.26 1 1
github.com/Andrea-Cavallo/cadenza/cmd/cadenza/provider.go:37.16,38.22 1 1
github.com/Andrea-Cavallo/cadenza/cmd/cadenza/provider.go:39.16,40.18 1 1
github.com/Andrea-Cavallo/cadenza/cmd/cadenza/provider.go:41.16,42.32 1 1
github.com/Andrea-Cavallo/cadenza/cmd/cadenza/provider.go:43.10,44.26 1 0
github.com/Andrea-Cavallo/cadenza/cmd/cadenza/watch.go:15.34,28.21 9 1
github.com/Andrea-Cavallo/cadenza/cmd/cadenza/watch.go:28.21,30.3 1 1
github.com/Andrea-Cavallo/cadenza/cmd/cadenza/watch.go:30.8,32.3 1 0
github.com/Andrea-Cavallo/cadenza/cmd/cadenza/watch.go:34.2,34.6 1 1
github.com/Andrea-Cavallo/cadenza/cmd/cadenza/watch.go:34.6,38.17 3 1
github.com/Andrea-Cavallo/cadenza/cmd/cadenza/watch.go:38.17,40.9 2 0
github.com/Andrea-Cavallo/cadenza/cmd/cadenza/watch.go:43.3,44.54 2 1
github.com/Andrea-Cavallo/cadenza/cmd/cadenza/watch.go:44.54,46.9 2 1
github.com/Andrea-Cavallo/cadenza/cmd/cadenza/watch.go:50.3,55.72 4 1
github.com/Andrea-Cavallo/cadenza/cmd/cadenza/watch.go:55.72,57.4 1 0
github.com/Andrea-Cavallo/cadenza/cmd/cadenza/watch.go:57.9,59.4 1 1
github.com/Andrea-Cavallo/cadenza/cmd/cadenza/watch.go:61.3,61.11 1 1
