mode: set
github.com/Andrea-Cavallo/cadenza/cmd/cadenza/cli.go:56.31,60.2 3 1
github.com/Andrea-Cavallo/cadenza/cmd/cadenza/cli.go:62.43,66.16 4 1
github.com/Andrea-Cavallo/cadenza/cmd/cadenza/cli.go:66.16,68.3 1 1
github.com/Andrea-Cavallo/cadenza/cmd/cadenza/cli.go:69.2,69.13 1 1
github.com/Andrea-Cavallo/cadenza/cmd/cadenza/cli.go:73.35,74.9 1 1
github.com/Andrea-Cavallo/cadenza/cmd/cadenza/cli.go:75.17,76.31 1 1
github.com/Andrea-Cavallo/cadenza/cmd/cadenza/cli.go:77.17,78.33 1 1
github.com/Andrea-Cavallo/cadenza/cmd/cadenza/cli.go:79.17,80.38 1 1
github.com/Andrea-Cavallo/cadenza/cmd/cadenza/cli.go:81.17,82.46 1 1
github.com/Andrea-Cavallo/cadenza/cmd/cadenza/cli.go:83.17,84.28 1 1
github.com/Andrea-Cavallo/cadenza/cmd/cadenza/cli.go:85.10,86.36 1 1
github.com/Andrea-Cavallo/cadenza/cmd/cadenza/cli.go:91.36,92.14 1 1
github.com/Andrea-Cavallo/cadenza/cmd/cadenza/cli.go:93.15,94.48 1 1
github.com/Andrea-Cavallo/cadenza/cmd/cadenza/cli.go:95.15,96.56 1 1
github.com/Andrea-Cavallo/cadenza/cmd/cadenza/cli.go:97.16,98.56 1 1
github.com/Andrea-Cavallo/cadenza/cmd/cadenza/cli.go:99.18,100.51 1 0
github.com/Andrea-Cavallo/cadenza/cmd/cadenza/cli.go:101.20,102.54 1 0
github.com/Andrea-Cavallo/cadenza/cmd/cadenza/cli.go:103.16,104.49 1 0
github.com/Andrea-Cavallo/cadenza/cmd/cadenza/cli.go:105.10,106.14 1 0
github.com/Andrea-Cavallo/cadenza/cmd/cadenza/cli.go:111.51,112.14 1 1
github.com/Andrea-Cavallo/cadenza/cmd/cadenza/cli.go:113.15,114.123 1 1
github.com/Andrea-Cavallo/cadenza/cmd/cadenza/cli.go:115.15,116.80 1 1
github.com/Andrea-Cavallo/cadenza/cmd/cadenza/cli.go:117.16,118.108 1 1
github.com/Andrea-Cavallo/cadenza/cmd/cadenza/cli.go:119.18,120.116 1 1
github.com/Andrea-Cavallo/cadenza/cmd/cadenza/cli.go:121.20,122.107 1 1
github.com/Andrea-Cavallo/cadenza/cmd/cadenza/cli.go:123.16,124.86 1 1
github.com/Andrea-Cavallo/cadenza/cmd/cadenza/cli.go:125.10,126.27 1 1
github.com/Andrea-Cavallo/cadenza/cmd/cadenza/cli.go:148.35,150.34 2 1
github.com/Andrea-Cavallo/cadenza/cmd/cadenza/cli.go:150.34,155.3 1 1
github.com/Andrea-Cavallo/cadenza/cmd/cadenza/cli.go:156.2,158.6 2 1
github.com/Andrea-Cavallo/cadenza/cmd/cadenza/cli.go:158.6,160.16 2 1
github.com/Andrea-Cavallo/cadenza/cmd/cadenza/cli.go:160.16,163.4 2 1
github.com/Andrea-Cavallo/cadenza/cmd/cadenza/cli.go:164.3,165.35 2 1
github.com/Andrea-Cavallo/cadenza/cmd/cadenza/cli.go:165.35,167.12 2 0
github.com/Andrea-Cavallo/cadenza/cmd/cadenza/cli.go:169.3,170.51 2 1
github.com/Andrea-Cavallo/cadenza/cmd/cadenza/cli.go:170.51,172.4 1 1
github.com/Andrea-Cavallo/cadenza/cmd/cadenza/cli.go:173.3,173.29 1 1
github.com/Andrea-Cavallo/cadenza/cmd/cadenza/cli.go:173.29,175.4 1 1
github.com/Andrea-Cavallo/cadenza/cmd/cadenza/cli.go:176.3,179.9 2 1
github.com/Andrea-Cavallo/cadenza/cmd/cadenza/cli.go:183.53,185.16 2 1
github.com/Andrea-Cavallo/cadenza/cmd/cadenza/cli.go:185.16,187.3 1 1
github.com/Andrea-Cavallo/cadenza/cmd/cadenza/cli.go:188.2,188.34 1 1
github.com/Andrea-Cavallo/cadenza/cmd/cadenza/cli.go:191.20,193.45 2 1
github.com/Andrea-Cavallo/cadenza/cmd/cadenza/cli.go:193.45,195.3 1 1
github.com/Andrea-Cavallo/cadenza/cmd/cadenza/cli.go:196.2,196.31 1 1
github.com/Andrea-Cavallo/cadenza/cmd/cadenza/cli.go:196.31,198.17 2 1
github.com/Andrea-Cavallo/cadenza/cmd/cadenza/cli.go:198.17,201.4 2 1
github.com/Andrea-Cavallo/cadenza/cmd/cadenza/cli.go:203.2,203.15 1 0
github.com/Andrea-Cavallo/cadenza/cmd/cadenza/cli.go:206.32,209.2 2 1
github.com/Andrea-Cavallo/cadenza/cmd/cadenza/cli.go:211.29,212.6 1 1
github.com/Andrea-Cavallo/cadenza/cmd/cadenza/cli.go:212.6,214.14 2 1
github.com/Andrea-Cavallo/cadenza/cmd/cadenza/cli.go:215.22,217.16 2 1
github.com/Andrea-Cavallo/cadenza/cmd/cadenza/cli.go:218.19,220.15 2 1
github.com/Andrea-Cavallo/cadenza/cmd/cadenza/cli.go:221.11,222.55 1 0
github.com/Andrea-Cavallo/cadenza/cmd/cadenza/cli.go:227.46,232.2 4 1
github.com/Andrea-Cavallo/cadenza/cmd/cadenza/cli.go:236.38,244.6 5 1
github.com/Andrea-Cavallo/cadenza/cmd/cadenza/cli.go:244.6,246.17 2 1
github.com/Andrea-Cavallo/cadenza/cmd/cadenza/cli.go:247.12,249.15 2 0
github.com/Andrea-Cavallo/cadenza/cmd/cadenza/cli.go:250.12,252.15 2 1
github.com/Andrea-Cavallo/cadenza/cmd/cadenza/cli.go:253.17,255.16 2 1
github.com/Andrea-Cavallo/cadenza/cmd/cadenza/cli.go:256.11,257.65 1 0
github.com/Andrea-Cavallo/cadenza/cmd/cadenza/cli.go:264.43,276.6 7 1
github.com/Andrea-Cavallo/cadenza/cmd/cadenza/cli.go:276.6,278.17 2 1
github.com/Andrea-Cavallo/cadenza/cmd/cadenza/cli.go:279.16,281.33 2 1
github.com/Andrea-Cavallo/cadenza/cmd/cadenza/cli.go:282.12,284.28 2 1
github.com/Andrea-Cavallo/cadenza/cmd/cadenza/cli.go:285.12,287.24 2 1
github.com/Andrea-Cavallo/cadenza/cmd/cadenza/cli.go:288.12,290.38 2 0
github.com/Andrea-Cavallo/cadenza/cmd/cadenza/cli.go:291.11,293.12 2 0
github.com/Andrea-Cavallo/cadenza/cmd/cadenza/cli.go:295.3,295.8 1 1
github.com/Andrea-Cavallo/cadenza/cmd/cadenza/cli.go:297.2,299.41 2 1
github.com/Andrea-Cavallo/cadenza/cmd/cadenza/cli.go:299.41,301.19 2 1
github.com/Andrea-Cavallo/cadenza/cmd/cadenza/cli.go:301.19,304.8 3 1
github.com/Andrea-Cavallo/cadenza/cmd/cadenza/cli.go:304.8,306.16 2 1
github.com/Andrea-Cavallo/cadenza/cmd/cadenza/cli.go:307.21,310.17 3 1
github.com/Andrea-Cavallo/cadenza/cmd/cadenza/cli.go:311.24,313.18 2 0
github.com/Andrea-Cavallo/cadenza/cmd/cadenza/cli.go:314.13,315.57 1 0
github.com/Andrea-Cavallo/cadenza/cmd/cadenza/cli.go:319.3,322.16 4 1
github.com/Andrea-Cavallo/cadenza/cmd/cadenza/cli.go:323.8,326.3 2 1
github.com/Andrea-Cavallo/cadenza/cmd/cadenza/cli.go:327.2,327.13 1 1
github.com/Andrea-Cavallo/cadenza/cmd/cadenza/cli.go:330.34,337.29 2 1
github.com/Andrea-Cavallo/cadenza/cmd/cadenza/cli.go:337.29,339.3 1 1
github.com/Andrea-Cavallo/cadenza/cmd/cadenza/cli.go:340.2,340.15 1 1
github.com/Andrea-Cavallo/cadenza/cmd/cadenza/cli.go:343.60,344.29 1 1
github.com/Andrea-Cavallo/cadenza/cmd/cadenza/cli.go:344.29,346.3 1 1
github.com/Andrea-Cavallo/cadenza/cmd/cadenza/cli.go:347.2,347.102 1 1
github.com/Andrea-Cavallo/cadenza/cmd/cadenza/cli.go:350.46,352.2 1 1
github.com/Andrea-Cavallo/cadenza/cmd/cadenza/cli.go:354.45,355.18 1 1
github.com/Andrea-Cavallo/cadenza/cmd/cadenza/cli.go:356.16,357.29 1 1
github.com/Andrea-Cavallo/cadenza/cmd/cadenza/cli.go:358.16,359.26 1 1
github.com/Andrea-Cavallo/cadenza/cmd/cadenza/cli.go:360.16,361.26 1 0
github.com/Andrea-Cavallo/cadenza/cmd/cadenza/cli.go:362.10,363.12 1 0
github.com/Andrea-Cavallo/cadenza/cmd/cadenza/cli.go:367.45,369.2 1 1
github.com/Andrea-Cavallo/cadenza/cmd/cadenza/cli.go:371.48,372.18 1 1
github.com/Andrea-Cavallo/cadenza/cmd/cadenza/cli.go:373.16,374.114 1 1
github.com/Andrea-Cavallo/cadenza/cmd/cadenza/cli.go:375.16,376.100 1 0
github.com/Andrea-Cavallo/cadenza/cmd/cadenza/cli.go:377.16,378.94 1 0
github.com/Andrea-Cavallo/cadenza/cmd/cadenza/cli.go:379.10,380.12 1 0
github.com/Andrea-Cavallo/cadenza/cmd/cadenza/cli.go:385.34,395.27 3 1
github.com/Andrea-Cavallo/cadenza/cmd/cadenza/cli.go:395.27,397.3 1 1
github.com/Andrea-Cavallo/cadenza/cmd/cadenza/cli.go:398.2,400.6 2 1
github.com/Andrea-Cavallo/cadenza/cmd/cadenza/cli.go:400.6,403.42 3 1
github.com/Andrea-Cavallo/cadenza/cmd/cadenza/cli.go:403.42,405.12 2 1
github.com/Andrea-Cavallo/cadenza/cmd/cadenza/cli.go:407.3,409.8 3 1
github.com/Andrea-Cavallo/cadenza/cmd/cadenza/cli.go:414.32,423.6 8 1
github.com/Andrea-Cavallo/cadenza/cmd/cadenza/cli.go:423.6,426.17 3 1
github.com/Andrea-Cavallo/cadenza/cmd/cadenza/cli.go:426.17,428.12 2 1
github.com/Andrea-Cavallo/cadenza/cmd/cadenza/cli.go:430.3,437.8 6 1
github.com/Andrea-Cavallo/cadenza/cmd/cadenza/cli.go:442.34,447.16 4 1
github.com/Andrea-Cavallo/cadenza/cmd/cadenza/cli.go:447.16,449.3 1 0
github.com/Andrea-Cavallo/cadenza/cmd/cadenza/cli.go:451.2,466.50 8 1
github.com/Andrea-Cavallo/cadenza/cmd/cadenza/cli.go:466.50,468.3 1 1
github.com/Andrea-Cavallo/cadenza/cmd/cadenza/cli.go:469.2,469.28 1 1
github.com/Andrea-Cavallo/cadenza/cmd/cadenza/cli.go:469.28,471.3 1 1
github.com/Andrea-Cavallo/cadenza/cmd/cadenza/cli.go:472.2,475.15 4 1
github.com/Andrea-Cavallo/cadenza/cmd/cadenza/cli.go:478.32,480.2 1 1
github.com/Andrea-Cavallo/cadenza/cmd/cadenza/cli.go:482.42,483.48 1 1
github.com/Andrea-Cavallo/cadenza/cmd/cadenza/cli.go:483.48,485.3 1 0
github.com/Andrea-Cavallo/cadenza/cmd/cadenza/cli.go:486.2,487.65 2 1
github.com/Andrea-Cavallo/cadenza/cmd/cadenza/cli.go:487.65,489.3 1 0
github.com/Andrea-Cavallo/cadenza/cmd/cadenza/cli.go:490.2,491.12 2 1
github.com/Andrea-Cavallo/cadenza/cmd/cadenza/cli.go:494.38,496.6 2 1
github.com/Andrea-Cavallo/cadenza/cmd/cadenza/cli.go:496.6,498.58 2 1
github.com/Andrea-Cavallo/cadenza/cmd/cadenza/cli.go:498.58,500.12 2 0
github.com/Andrea-Cavallo/cadenza/cmd/cadenza/cli.go:502.3,503.9 2 1
github.com/Andrea-Cavallo/cadenza/cmd/cadenza/cli.go:507.64,508.6 1 1
github.com/Andrea-Cavallo/cadenza/cmd/cadenza/cli.go:508.6,510.14 2 1
github.com/Andrea-Cavallo/cadenza/cmd/cadenza/cli.go:511.23,513.20 2 1
github.com/Andrea-Cavallo/cadenza/cmd/cadenza/cli.go:514.18,516.21 2 0
github.com/Andrea-Cavallo/cadenza/cmd/cadenza/cli.go:517.11,518.55 1 0
github.com/Andrea-Cavallo/cadenza/cmd/cadenza/cli.go:526.44,534.23 3 1
github.com/Andrea-Cavallo/cadenza/cmd/cadenza/cli.go:534.23,536.58 2 1
github.com/Andrea-Cavallo/cadenza/cmd/cadenza/cli.go:536.58,539.4 2 0
github.com/Andrea-Cavallo/cadenza/cmd/cadenza/cli.go:540.3,541.39 2 1
github.com/Andrea-Cavallo/cadenza/cmd/cadenza/cli.go:544.2,544.23 1 1
github.com/Andrea-Cavallo/cadenza/cmd/cadenza/cli.go:544.23,546.3 1 0
github.com/Andrea-Cavallo/cadenza/cmd/cadenza/cli.go:547.2,549.16 2 1
github.com/Andrea-Cavallo/cadenza/cmd/cadenza/cli.go:549.16,550.29 1 0
github.com/Andrea-Cavallo/cadenza/cmd/cadenza/cli.go:550.29,552.4 1 0
github.com/Andrea-Cavallo/cadenza/cmd/cadenza/cli.go:555.2,561.38 6 1
github.com/Andrea-Cavallo/cadenza/cmd/cadenza/dev.go:23.19,37.6 9 0
github.com/Andrea-Cavallo/cadenza/cmd/cadenza/dev.go:37.6,40.17 3 0
github.com/Andrea-Cavallo/cadenza/cmd/cadenza/dev.go:40.17,42.9 2 0
github.com/Andrea-Cavallo/cadenza/cmd/cadenza/dev.go:45.3,46.17 2 0
github.com/Andrea-Cavallo/cadenza/cmd/cadenza/dev.go:46.17,47.12 1 0
github.com/Andrea-Cavallo/cadenza/cmd/cadenza/dev.go:50.3,53.14 3 0
github.com/Andrea-Cavallo/cadenza/cmd/cadenza/dev.go:54.20,55.18 1 0
github.com/Andrea-Cavallo/cadenza/cmd/cadenza/dev.go:57.28,59.10 2 0
github.com/Andrea-Cavallo/cadenza/cmd/cadenza/dev.go:61.26,62.70 1 0
github.com/Andrea-Cavallo/cadenza/cmd/cadenza/dev.go:64.17,65.30 1 0
github.com/Andrea-Cavallo/cadenza/cmd/cadenza/dev.go:67.26,68.38 1 0
github.com/Andrea-Cavallo/cadenza/cmd/cadenza/dev.go:70.23,71.31 1 0
github.com/Andrea-Cavallo/cadenza/cmd/cadenza/dev.go:73.44,74.47 1 0
github.com/Andrea-Cavallo/cadenza/cmd/cadenza/dev.go:76.30,77.31 1 0
github.com/Andrea-Cavallo/cadenza/cmd/cadenza/dev.go:79.28,80.33 1 0
github.com/Andrea-Cavallo/cadenza/cmd/cadenza/dev.go:82.28,83.32 1 0
github.com/Andrea-Cavallo/cadenza/cmd/cadenza/dev.go:85.11,87.85 2 0
github.com/Andrea-Cavallo/cadenza/cmd/cadenza/dev.go:92.21,115.2 22 1
github.com/Andrea-Cavallo/cadenza/cmd/cadenza/dev.go:117.50,119.33 2 1
github.com/Andrea-Cavallo/cadenza/cmd/cadenza/dev.go:119.33,120.18 1 1
github.com/Andrea-Cavallo/cadenza/cmd/cadenza/dev.go:121.16,123.10 2 1
github.com/Andrea-Cavallo/cadenza/cmd/cadenza/dev.go:123.10,125.5 1 1
github.com/Andrea-Cavallo/cadenza/cmd/cadenza/dev.go:126.16,127.44 1 1
github.com/Andrea-Cavallo/cadenza/cmd/cadenza/dev.go:127.44,129.5 1 1
github.com/Andrea-Cavallo/cadenza/cmd/cadenza/dev.go:130.19,131.20 1 1
github.com/Andrea-Cavallo/cadenza/cmd/cadenza/dev.go:132.21,133.44 1 1
github.com/Andrea-Cavallo/cadenza/cmd/cadenza/dev.go:133.44,135.5 1 1
github.com/Andrea-Cavallo/cadenza/cmd/cadenza/dev.go:136.17,138.10 2 1
github.com/Andrea-Cavallo/cadenza/cmd/cadenza/dev.go:138.10,140.5 1 1
github.com/Andrea-Cavallo/cadenza/cmd/cadenza/dev.go:143.2,143.12 1 1
github.com/Andrea-Cavallo/cadenza/cmd/cadenza/dev.go:146.56,147.25 1 1
github.com/Andrea-Cavallo/cadenza/cmd/cadenza/dev.go:147.25,149.3 1 1
github.com/Andrea-Cavallo/cadenza/cmd/cadenza/dev.go:150.2,151.25 2 1
github.com/Andrea-Cavallo/cadenza/cmd/cadenza/dev.go:154.50,155.62 1 1
github.com/Andrea-Cavallo/cadenza/cmd/cadenza/dev.go:155.62,157.3 1 1
github.com/Andrea-Cavallo/cadenza/cmd/cadenza/dev.go:160.41,162.16 2 1
github.com/Andrea-Cavallo/cadenza/cmd/cadenza/dev.go:162.16,164.3 1 1
github.com/Andrea-Cavallo/cadenza/cmd/cadenza/dev.go:165.2,165.16 1 1
github.com/Andrea-Cavallo/cadenza/cmd/cadenza/dev.go:168.132,172.35 2 0
github.com/Andrea-Cavallo/cadenza/cmd/cadenza/dev.go:172.35,175.3 2 0
github.com/Andrea-Cavallo/cadenza/cmd/cadenza/dev.go:176.2,176.52 1 0
github.com/Andrea-Cavallo/cadenza/cmd/cadenza/dev.go:176.52,179.3 2 0
github.com/Andrea-Cavallo/cadenza/cmd/cadenza/dev.go:181.2,184.16 3 0
github.com/Andrea-Cavallo/cadenza/cmd/cadenza/dev.go:184.16,187.3 2 0
github.com/Andrea-Cavallo/cadenza/cmd/cadenza/dev.go:189.2,191.21 3 0
github.com/Andrea-Cavallo/cadenza/cmd/cadenza/dev.go:191.21,193.3 1 0
github.com/Andrea-Cavallo/cadenza/cmd/cadenza/dev.go:195.2,216.16 11 0
github.com/Andrea-Cavallo/cadenza/cmd/cadenza/dev.go:216.16,219.3 2 0
github.com/Andrea-Cavallo/cadenza/cmd/cadenza/dev.go:221.2,223.33 3 0
github.com/Andrea-Cavallo/cadenza/cmd/cadenza/dev.go:223.33,225.3 1 0
github.com/Andrea-Cavallo/cadenza/cmd/cadenza/dev.go:226.2,229.39 2 0
github.com/Andrea-Cavallo/cadenza/cmd/cadenza/dev.go:232.54,235.2 2 1
github.com/Andrea-Cavallo/cadenza/cmd/cadenza/dev.go:237.63,239.33 2 0
github.com/Andrea-Cavallo/cadenza/cmd/cadenza/dev.go:239.33,240.45 1 0
github.com/Andrea-Cavallo/cadenza/cmd/cadenza/dev.go:240.45,242.9 2 0
github.com/Andrea-Cavallo/cadenza/cmd/cadenza/dev.go:246.2,246.20 1 0
github.com/Andrea-Cavallo/cadenza/cmd/cadenza/dev.go:246.20,249.3 2 0
github.com/Andrea-Cavallo/cadenza/cmd/cadenza/dev.go:251.2,252.16 2 0
github.com/Andrea-Cavallo/cadenza/cmd/cadenza/dev.go:252.16,255.3 2 0
github.com/Andrea-Cavallo/cadenza/cmd/cadenza/dev.go:257.2,258.57 2 0
github.com/Andrea-Cavallo/cadenza/cmd/cadenza/dev.go:258.57,261.3 2 0
github.com/Andrea-Cavallo/cadenza/cmd/cadenza/dev.go:261.8,263.3 1 0
github.com/Andrea-Cavallo/cadenza/cmd/cadenza/dev.go:266.55,269.2 2 1
github.com/Andrea-Cavallo/cadenza/cmd/cadenza/dev.go:271.75,273.33 2 1
github.com/Andrea-Cavallo/cadenza/cmd/cadenza/dev.go:273.33,274.18 1 1
github.com/Andrea-Cavallo/cadenza/cmd/cadenza/dev.go:275.16,276.44 1 1
github.com/Andrea-Cavallo/cadenza/cmd/cadenza/dev.go:276.44,278.5 1 1
github.com/Andrea-Cavallo/cadenza/cmd/cadenza/dev.go:279.17,280.44 1 1
github.com/Andrea-Cavallo/cadenza/cmd/cadenza/dev.go:280.44,282.5 1 1
github.com/Andrea-Cavallo/cadenza/cmd/cadenza/dev.go:283.19,284.44 1 1
github.com/Andrea-Cavallo/cadenza/cmd/cadenza/dev.go:284.44,286.5 1 1
github.com/Andrea-Cavallo/cadenza/cmd/cadenza/dev.go:289.2,289.8 1 1
github.com/Andrea-Cavallo/cadenza/cmd/cadenza/dev.go:292.65,296.16 3 1
github.com/Andrea-Cavallo/cadenza/cmd/cadenza/dev.go:296.16,299.3 2 1
github.com/Andrea-Cavallo/cadenza/cmd/cadenza/dev.go:301.2,302.18 2 1
github.com/Andrea-Cavallo/cadenza/cmd/cadenza/dev.go:302.18,304.17 2 1
github.com/Andrea-Cavallo/cadenza/cmd/cadenza/dev.go:304.17,307.4 2 0
github.com/Andrea-Cavallo/cadenza/cmd/cadenza/dev.go:308.8,310.3 1 1
github.com/Andrea-Cavallo/cadenza/cmd/cadenza/dev.go:312.2,314.32 3 1
github.com/Andrea-Cavallo/cadenza/cmd/cadenza/dev.go:314.32,321.3 2 1
github.com/Andrea-Cavallo/cadenza/cmd/cadenza/dev.go:322.2,324.13 2 1
github.com/Andrea-Cavallo/cadenza/cmd/cadenza/dev.go:327.47,328.26 1 1
github.com/Andrea-Cavallo/cadenza/cmd/cadenza/dev.go:328.26,331.3 2 1
github.com/Andrea-Cavallo/cadenza/cmd/cadenza/dev.go:333.2,336.15 4 1
github.com/Andrea-Cavallo/cadenza/cmd/cadenza/dev.go:336.15,338.3 1 1
github.com/Andrea-Cavallo/cadenza/cmd/cadenza/dev.go:340.2,345.76 6 1
github.com/Andrea-Cavallo/cadenza/cmd/cadenza/dev.go:348.57,351.2 2 1
github.com/Andrea-Cavallo/cadenza/cmd/cadenza/dev.go:353.56,356.2 2 1
github.com/Andrea-Cavallo/cadenza/cmd/cadenza/logger.go:14.62,15.54 1 1
github.com/Andrea-Cavallo/cadenza/cmd/cadenza/logger.go:15.54,18.3 2 0
github.com/Andrea-Cavallo/cadenza/cmd/cadenza/logger.go:19.2,20.19 2 1
github.com/Andrea-Cavallo/cadenza/cmd/cadenza/logger.go:20.19,22.3 1 1
github.com/Andrea-Cavallo/cadenza/cmd/cadenza/logger.go:23.2,25.16 3 1
github.com/Andrea-Cavallo/cadenza/cmd/cadenza/logger.go:25.16,28.3 2 0
github.com/Andrea-Cavallo/cadenza/cmd/cadenza/logger.go:30.2,35.71 5 1
github.com/Andrea-Cavallo/cadenza/cmd/cadenza/logger.go:35.71,37.3 1 0
github.com/Andrea-Cavallo/cadenza/cmd/cadenza/logger.go:37.8,39.3 1 1
github.com/Andrea-Cavallo/cadenza/cmd/cadenza/logger.go:41.2,42.107 2 1
github.com/Andrea-Cavallo/cadenza/cmd/cadenza/logger.go:45.42,46.28 1 1
github.com/Andrea-Cavallo/cadenza/cmd/cadenza/logger.go:47.15,48.25 1 1
github.com/Andrea-Cavallo/cadenza/cmd/cadenza/logger.go:49.25,50.24 1 1
github.com/Andrea-Cavallo/cadenza/cmd/cadenza/logger.go:51.15,52.25 1 1
github.com/Andrea-Cavallo/cadenza/cmd/cadenza/logger.go:53.10,54.24 1 0
github.com/Andrea-Cavallo/cadenza/cmd/cadenza/main.go:25.13,28.19 2 0
github.com/Andrea-Cavallo/cadenza/cmd/cadenza/main.go:28.19,42.3 13 0
github.com/Andrea-Cavallo/cadenza/cmd/cadenza/main.go:45.2,70.18 22 0
github.com/Andrea-Cavallo/cadenza/cmd/cadenza/main.go:70.18,73.3 2 0
github.com/Andrea-Cavallo/cadenza/cmd/cadenza/main.go:75.2,75.14 1 0
github.com/Andrea-Cavallo/cadenza/cmd/cadenza/main.go:75.14,79.3 3 0
github.com/Andrea-Cavallo/cadenza/cmd/cadenza/main.go:81.2,94.133 3 0
github.com/Andrea-Cavallo/cadenza/cmd/cadenza/main.go:94.133,97.3 2 0
github.com/Andrea-Cavallo/cadenza/cmd/cadenza/main.go:99.2,100.14 2 0
github.com/Andrea-Cavallo/cadenza/cmd/cadenza/main.go:100.14,101.63 1 0
github.com/Andrea-Cavallo/cadenza/cmd/cadenza/main.go:101.63,107.4 5 0
github.com/Andrea-Cavallo/cadenza/cmd/cadenza/main.go:109.3,110.21 2 0
github.com/Andrea-Cavallo/cadenza/cmd/cadenza/main.go:110.21,112.4 1 0
github.com/Andrea-Cavallo/cadenza/cmd/cadenza/main.go:114.3,134.22 2 0
github.com/Andrea-Cavallo/cadenza/cmd/cadenza/main.go:134.22,136.4 1 0
github.com/Andrea-Cavallo/cadenza/cmd/cadenza/main.go:138.3,138.17 1 0
github.com/Andrea-Cavallo/cadenza/cmd/cadenza/main.go:138.17,141.4 2 0
github.com/Andrea-Cavallo/cadenza/cmd/cadenza/main.go:143.3,143.21 1 0
github.com/Andrea-Cavallo/cadenza/cmd/cadenza/main.go:144.8,147.7 2 0
github.com/Andrea-Cavallo/cadenza/cmd/cadenza/main.go:147.7,149.11 2 0
github.com/Andrea-Cavallo/cadenza/cmd/cadenza/main.go:149.11,150.10 1 0
github.com/Andrea-Cavallo/cadenza/cmd/cadenza/main.go:152.4,153.33 2 0
github.com/Andrea-Cavallo/cadenza/cmd/cadenza/main.go:153.33,154.10 1 0
github.com/Andrea-Cavallo/cadenza/cmd/cadenza/main.go:160.46,161.6 1 1
github.com/Andrea-Cavallo/cadenza/cmd/cadenza/main.go:161.6,168.41 6 1
github.com/Andrea-Cavallo/cadenza/cmd/cadenza/main.go:169.16,171.15 2 0
github.com/Andrea-Cavallo/cadenza/cmd/cadenza/main.go:172.12,174.22 2 1
github.com/Andrea-Cavallo/cadenza/cmd/cadenza/main.go:175.28,177.16 2 1
github.com/Andrea-Cavallo/cadenza/cmd/cadenza/main.go:178.11,179.65 1 0
github.com/Andrea-Cavallo/cadenza/cmd/cadenza/main.go:185.112,186.59 1 1
github.com/Andrea-Cavallo/cadenza/cmd/cadenza/main.go:186.59,188.3 1 1
github.com/Andrea-Cavallo/cadenza/cmd/cadenza/main.go:189.2,189.40 1 1
github.com/Andrea-Cavallo/cadenza/cmd/cadenza/main.go:189.40,191.3 1 1
github.com/Andrea-Cavallo/cadenza/cmd/cadenza/main.go:192.2,193.27 2 1
github.com/Andrea-Cavallo/cadenza/cmd/cadenza/main.go:193.27,195.3 1 1
github.com/Andrea-Cavallo/cadenza/cmd/cadenza/main.go:196.2,196.24 1 1
github.com/Andrea-Cavallo/cadenza/cmd/cadenza/main.go:196.24,198.33 2 1
github.com/Andrea-Cavallo/cadenza/cmd/cadenza/main.go:198.33,200.4 1 1
github.com/Andrea-Cavallo/cadenza/cmd/cadenza/main.go:202.2,202.20 1 1
github.com/Andrea-Cavallo/cadenza/cmd/cadenza/main.go:202.20,203.46 1 1
github.com/Andrea-Cavallo/cadenza/cmd/cadenza/main.go:203.46,205.4 1 0
github.com/Andrea-Cavallo/cadenza/cmd/cadenza/main.go:207.2,207.12 1 1
github.com/Andrea-Cavallo/cadenza/cmd/cadenza/main.go:211.96,212.19 1 1
github.com/Andrea-Cavallo/cadenza/cmd/cadenza/main.go:212.19,214.3 1 1
github.com/Andrea-Cavallo/cadenza/cmd/cadenza/main.go:216.2,217.16 2 1
github.com/Andrea-Cavallo/cadenza/cmd/cadenza/main.go:217.16,219.3 1 0
github.com/Andrea-Cavallo/cadenza/cmd/cadenza/main.go:221.2,222.24 2 1
github.com/Andrea-Cavallo/cadenza/cmd/cadenza/main.go:222.24,224.3 1 1
github.com/Andrea-Cavallo/cadenza/cmd/cadenza/main.go:225.2,225.24 1 1
github.com/Andrea-Cavallo/cadenza/cmd/cadenza/main.go:225.24,227.3 1 0
github.com/Andrea-Cavallo/cadenza/cmd/cadenza/main.go:229.2,230.30 2 1
github.com/Andrea-Cavallo/cadenza/cmd/cadenza/main.go:230.30,232.3 1 1
github.com/Andrea-Cavallo/cadenza/cmd/cadenza/main.go:234.2,240.37 2 1
github.com/Andrea-Cavallo/cadenza/cmd/cadenza/main.go:240.37,243.17 3 1
github.com/Andrea-Cavallo/cadenza/cmd/cadenza/main.go:243.17,245.4 1 0
github.com/Andrea-Cavallo/cadenza/cmd/cadenza/main.go:247.3,248.17 2 1
github.com/Andrea-Cavallo/cadenza/cmd/cadenza/main.go:248.17,250.4 1 0
github.com/Andrea-Cavallo/cadenza/cmd/cadenza/main.go:252.3,260.4 3 1
github.com/Andrea-Cavallo/cadenza/cmd/cadenza/main.go:263.2,263.18 1 1
github.com/Andrea-Cavallo/cadenza/cmd/cadenza/main.go:267.35,269.24 1 1
github.com/Andrea-Cavallo/cadenza/cmd/cadenza/main.go:269.24,272.3 2 0
github.com/Andrea-Cavallo/cadenza/cmd/cadenza/main.go:274.2,274.35 1 1
github.com/Andrea-Cavallo/cadenza/cmd/cadenza/main.go:274.35,277.3 2 1
github.com/Andrea-Cavallo/cadenza/cmd/cadenza/main.go:278.2,278.52 1 1
github.com/Andrea-Cavallo/cadenza/cmd/cadenza/main.go:278.52,281.3 2 1
github.com/Andrea-Cavallo/cadenza/cmd/cadenza/main.go:283.2,287.54 3 1
github.com/Andrea-Cavallo/cadenza/cmd/cadenza/main.go:287.54,288.25 1 1
github.com/Andrea-Cavallo/cadenza/cmd/cadenza/main.go:288.25,290.4 1 0
github.com/Andrea-Cavallo/cadenza/cmd/cadenza/main.go:293.3,294.22 2 1
github.com/Andrea-Cavallo/cadenza/cmd/cadenza/main.go:294.22,296.4 1 0
github.com/Andrea-Cavallo/cadenza/cmd/cadenza/main.go:296.9,298.4 1 1
github.com/Andrea-Cavallo/cadenza/cmd/cadenza/main.go:299.3,301.72 2 1
github.com/Andrea-Cavallo/cadenza/cmd/cadenza/main.go:301.72,303.4 1 0
github.com/Andrea-Cavallo/cadenza/cmd/cadenza/main.go:307.96,318.16 3 1
github.com/Andrea-Cavallo/cadenza/cmd/cadenza/main.go:318.16,320.3 1 0
github.com/Andrea-Cavallo/cadenza/cmd/cadenza/main.go:322.2,333.27 9 1
github.com/Andrea-Cavallo/cadenza/cmd/cadenza/main.go:333.27,335.17 2 1
github.com/Andrea-Cavallo/cadenza/cmd/cadenza/main.go:335.17,337.4 1 0
github.com/Andrea-Cavallo/cadenza/cmd/cadenza/main.go:338.3,338.72 1 1
github.com/Andrea-Cavallo/cadenza/cmd/cadenza/main.go:339.8,341.3 1 1
github.com/Andrea-Cavallo/cadenza/cmd/cadenza/main.go:343.2,359.15 4 1
github.com/Andrea-Cavallo/cadenza/cmd/cadenza/main.go:359.15,364.3 4 1
github.com/Andrea-Cavallo/cadenza/cmd/cadenza/main.go:364.8,368.3 3 1
github.com/Andrea-Cavallo/cadenza/cmd/cadenza/main.go:370.2,371.16 2 1
github.com/Andrea-Cavallo/cadenza/cmd/cadenza/main.go:371.16,374.3 2 0
github.com/Andrea-Cavallo/cadenza/cmd/cadenza/main.go:377.2,377.16 1 1
github.com/Andrea-Cavallo/cadenza/cmd/cadenza/main.go:377.16,384.31 7 1
github.com/Andrea-Cavallo/cadenza/cmd/cadenza/main.go:384.31,386.4 1 0
github.com/Andrea-Cavallo/cadenza/cmd/cadenza/main.go:387.3,387.28 1 1
github.com/Andrea-Cavallo/cadenza/cmd/cadenza/main.go:387.28,389.4 1 0
github.com/Andrea-Cavallo/cadenza/cmd/cadenza/main.go:390.3,395.13 6 1
github.com/Andrea-Cavallo/cadenza/cmd/cadenza/main.go:399.2,399.24 1 1
github.com/Andrea-Cavallo/cadenza/cmd/cadenza/main.go:399.24,402.3 1 0
github.com/Andrea-Cavallo/cadenza/cmd/cadenza/main.go:405.2,406.15 2 1
github.com/Andrea-Cavallo/cadenza/cmd/cadenza/main.go:406.15,409.3 2 1
github.com/Andrea-Cavallo/cadenza/cmd/cadenza/main.go:412.2,413.20 2 1
github.com/Andrea-Cavallo/cadenza/cmd/cadenza/main.go:413.20,417.3 2 1
github.com/Andrea-Cavallo/cadenza/cmd/cadenza/main.go:417.8,419.3 1 1
github.com/Andrea-Cavallo/cadenza/cmd/cadenza/main.go:422.2,424.32 3 1
github.com/Andrea-Cavallo/cadenza/cmd/cadenza/main.go:424.32,428.3 3 1
github.com/Andrea-Cavallo/cadenza/cmd/cadenza/main.go:429.2,432.30 4 1
github.com/Andrea-Cavallo/cadenza/cmd/cadenza/main.go:432.30,434.3 1 0
github.com/Andrea-Cavallo/cadenza/cmd/cadenza/main.go:435.2,435.27 1 1
github.com/Andrea-Cavallo/cadenza/cmd/cadenza/main.go:435.27,437.3 1 1
github.com/Andrea-Cavallo/cadenza/cmd/cadenza/main.go:438.2,447.12 9 1
github.com/Andrea-Cavallo/cadenza/cmd/cadenza/main.go:450.33,454.16 3 1
github.com/Andrea-Cavallo/cadenza/cmd/cadenza/main.go:454.16,457.3 2 1
github.com/Andrea-Cavallo/cadenza/cmd/cadenza/main.go:460.2,461.18 2 1
github.com/Andrea-Cavallo/cadenza/cmd/cadenza/main.go:461.18,463.3 1 1
github.com/Andrea-Cavallo/cadenza/cmd/cadenza/main.go:465.2,467.16 3 1
github.com/Andrea-Cavallo/cadenza/cmd/cadenza/main.go:467.16,470.17 3 0
github.com/Andrea-Cavallo/cadenza/cmd/cadenza/main.go:470.17,473.4 2 0
github.com/Andrea-Cavallo/cadenza/cmd/cadenza/main.go:476.2,478.16 3 1
github.com/Andrea-Cavallo/cadenza/cmd/cadenza/main.go:478.16,481.3 2 0
github.com/Andrea-Cavallo/cadenza/cmd/cadenza/main.go:483.2,488.56 5 1
github.com/Andrea-Cavallo/cadenza/cmd/cadenza/main.go:488.56,491.3 2 0
github.com/Andrea-Cavallo/cadenza/cmd/cadenza/main.go:493.2,498.15 6 1
github.com/Andrea-Cavallo/cadenza/cmd/cadenza/main.go:502.54,508.15 6 1
github.com/Andrea-Cavallo/cadenza/cmd/cadenza/main.go:508.15,510.3 1 1
github.com/Andrea-Cavallo/cadenza/cmd/cadenza/main.go:510.8,512.22 2 1
github.com/Andrea-Cavallo/cadenza/cmd/cadenza/main.go:512.22,514.4 1 1
github.com/Andrea-Cavallo/cadenza/cmd/cadenza/main.go:516.2,516.20 1 1
github.com/Andrea-Cavallo/cadenza/cmd/cadenza/main.go:516.20,518.3 1 1
github.com/Andrea-Cavallo/cadenza/cmd/cadenza/main.go:519.2,519.50 1 1
github.com/Andrea-Cavallo/cadenza/cmd/cadenza/main.go:519.50,521.3 1 1
github.com/Andrea-Cavallo/cadenza/cmd/cadenza/main.go:522.2,522.28 1 1
github.com/Andrea-Cavallo/cadenza/cmd/cadenza/main.go:522.28,524.3 1 1
github.com/Andrea-Cavallo/cadenza/cmd/cadenza/main.go:525.2,525.27 1 1
github.com/Andrea-Cavallo/cadenza/cmd/cadenza/main.go:525.27,527.3 1 1
github.com/Andrea-Cavallo/cadenza/cmd/cadenza/main.go:528.2,528.20 1 1
github.com/Andrea-Cavallo/cadenza/cmd/cadenza/main.go:531.67,532.27 1 1
github.com/Andrea-Cavallo/cadenza/cmd/cadenza/main.go:532.27,534.3 1 0
github.com/Andrea-Cavallo/cadenza/cmd/cadenza/main.go:535.2,536.32 2 1
github.com/Andrea-Cavallo/cadenza/cmd/cadenza/main.go:536.32,538.3 1 1
github.com/Andrea-Cavallo/cadenza/cmd/cadenza/main.go:539.2,539.37 1 1
github.com/Andrea-Cavallo/cadenza/cmd/cadenza/main.go:542.41,543.9 1 1
github.com/Andrea-Cavallo/cadenza/cmd/cadenza/main.go:544.46,545.22 1 1
github.com/Andrea-Cavallo/cadenza/cmd/cadenza/main.go:546.46,547.22 1 1
github.com/Andrea-Cavallo/cadenza/cmd/cadenza/main.go:548.44,549.20 1 1
github.com/Andrea-Cavallo/cadenza/cmd/cadenza/main.go:550.10,551.19 1 1
github.com/Andrea-Cavallo/cadenza/cmd/cadenza/provider.go:11.93,12.11 1 1
github.com/Andrea-Cavallo/cadenza/cmd/cadenza/provider.go:12.11,15.3 2 1
github.com/Andrea-Cavallo/cadenza/cmd/cadenza/provider.go:16.2,16.22 1 1
github.com/Andrea-Cavallo/cadenza/cmd/cadenza/provider.go:17.16,18.38 1 0
github.com/Andrea-Cavallo/cadenza/cmd/cadenza/provider.go:19.16,20.22 1 1
github.com/Andrea-Cavallo/cadenza/cmd/cadenza/provider.go:20.22,22.4 1 1
github.com/Andrea-Cavallo/cadenza/cmd/cadenza/provider.go:23.3,23.54 1 1
github.com/Andrea-Cavallo/cadenza/cmd/cadenza/provider.go:24.16,25.38 1 1
github.com/Andrea-Cavallo/cadenza/cmd/cadenza/provider.go:26.16,27.38 1 1
github.com/Andrea-Cavallo/cadenza/cmd/cadenza/provider.go:28.10,29.106 1 0
github.com/Andrea-Cavallo/cadenza/cmd/cadenza/provider.go:33.76,34.18 1 1
github.com/Andrea-Cavallo/cadenza/cmd/cadenza/provider.go:35.16,36.26 1 1
github.com/Andrea-Cavallo/cadenza/cmd/cadenza/provider.go:37.16,38.22 1 1
github.com/Andrea-Cavallo/cadenza/cmd/cadenza/provider.go:39.16,40.18 1 1
github.com/Andrea-Cavallo/cadenza/cmd/cadenza/provider.go:41.16,42.32 1 1
github.com/Andrea-Cavallo/cadenza/cmd/cadenza/provider.go:43.10,44.26 1 0
github.com/Andrea-Cavallo/cadenza/cmd/cadenza/watch.go:15.34,28.21 9 1
github.com/Andrea-Cavallo/cadenza/cmd/cadenza/watch.go:28.21,30.3 1 1
github.com/Andrea-Cavallo/cadenza/cmd/cadenza/watch.go:30.8,32.3 1 0
github.com/Andrea-Cavallo/cadenza/cmd/cadenza/watch.go:34.2,34.6 1 1
github.com/Andrea-Cavallo/cadenza/cmd/cadenza/watch.go:34.6,38.17 3 1
github.com/Andrea-Cavallo/cadenza/cmd/cadenza/watch.go:38.17,40.9 2 0
github.com/Andrea-Cavallo/cadenza/cmd/cadenza/watch.go:43.3,44.54 2 1
github.com/Andrea-Cavallo/cadenza/cmd/cadenza/watch.go:44.54,46.9 2 1
github.com/Andrea-Cavallo/cadenza/cmd/cadenza/watch.go:50.3,55.72 4 1
github.com/Andrea-Cavallo/cadenza/cmd/cadenza/watch.go:55.72,57.4 1 0
github.com/Andrea-Cavallo/cadenza/cmd/cadenza/watch.go:57.9,59.4 1 1
github.com/Andrea-Cavallo/cadenza/cmd/cadenza/watch.go:61.3,61.11 1 1
